[huly.io/index.html]
[huly.io/_next/static/media/14d7ce3e41dcbb66-s.p.woff2]
[huly.io/_next/static/media/1b0b3615811be75b-s.p.woff2]
[huly.io/_next/static/media/c92e08b531692979-s.p.woff2]
[huly.io/_next/static/media/e4af272ccee01ff0-s.p.woff2]
[huly.io/_next/static/media/e8b276476c0ac6fa-s.p.woff2]
[huly.io/_next/static/media/d97ea0940c0302a26ddd7c1b56cf3346.svg]
[huly.io/_next/static/css/a041dcbcef8326ab.css]
[huly.io/_next/static/css/2cfc5f73f17d6511.css]
[huly.io/_next/static/chunks/webpack-9fd23c718d92c148.js]
[huly.io/_next/static/chunks/fd9d1056-42441f306eea77fa.js]
[huly.io/_next/static/chunks/main-app-d0abb3f3fa358037.js]
[huly.io/_next/static/chunks/bf76e631-fe71f9cc7512529d.js]
[huly.io/_next/static/chunks/7708-ae8753c083736f6c.js]
[huly.io/_next/static/chunks/3526-fad9e2c696deb3dc.js]
[huly.io/_next/static/chunks/658-cb0ba4330187c238.js]
[huly.io/_next/static/chunks/8173-574bf2ec9c46d25d.js]
[huly.io/_next/static/chunks/1877-cb1f8d6919a6febc.js]
[huly.io/_next/static/chunks/7769-21fff65a40d1c31e.js]
[huly.io/_next/static/chunks/app/(website)/layout-9d128a778333c996.js]
[huly.io/_next/static/chunks/6479-61b673818cc4da49.js]
[huly.io/_next/static/chunks/31a95ab2-aea39ce871d92081.js]
[huly.io/_next/static/chunks/6172-98c0a20163a01ca3.js]
[huly.io/_next/static/chunks/9191-22e0d8ea95b5223e.js]
[huly.io/_next/static/chunks/4439-73eb7d81a37a7af7.js]
[huly.io/_next/static/chunks/app/(website)/page-f3fa50c91bc3c49c.js]
[backblue.gif]
[fade.gif]
[index.html]
[huly.io/manifest.webmanifest]
[huly.io/favicon/favicon.svg]
[huly.io/favicon/favicon.png]
[huly.io/favicon/favicon-48x48.png]
[huly.io/favicon/favicon-72x72.png]
[huly.io/favicon/favicon-96x96.png]
[huly.io/favicon/favicon-144x144.png]
[huly.io/favicon/favicon-192x192.png]
[huly.io/favicon/favicon-256x256.png]
[huly.io/favicon/favicon-384x384.png]
[huly.io/favicon/favicon-512x512.png]
[huly.io/_next/static/chunks/polyfills-78c92fac7aa8fdd8.js]
[huly.io/_next/static/media/3f5fe9b041516a394be6c647da1490f4.svg]
[huly.io/pricing.html]
[huly.io/_next/static/media/a9e4747bda76748fc7fdd910aa2ed0e1.svg]
[huly.io/_next/static/media/27092cdd5f94c6ca1cbb419c2d3fc882.svg]
[huly.io/_next/static/media/dd5884a192d875e57571a1a449d66e6a.svg]
[huly.io/_next/static/media/c38fff878bfff5de53290840299693b0.svg]
[huly.io/download.html]
[huly.io/login.html]
[huly.io/_next/static/media/0f9e183a12bee7af6da9f9a175c71d3a.svg]
[huly.io/_next/hero-illustration.7100a3762891.jpg]
[huly.io/signup.html]
[huly.io/_next/static/media/e4c3a7bd600393b1420b0ffef056534d.svg]
[huly.io/_next/static/media/6cad5c6f35277cc12565a6826b9940bf.svg]
[huly.io/_next/static/media/93e08622f4a0bbef839d81e681f8bba7.svg]
[huly.io/_next/static/media/0e5b98ef7d38250f3aee6888407436e3.svg]
[huly.io/_next/static/media/3ec2b3159fe89423fa1464d20ffea3b0.svg]
[huly.io/_next/customize.03200dd0ec43.png]
[huly.io/_next/video.e4ea1f4b1ddb.png]
[huly.io/_next/invite.043fb9412233.png]
[huly.io/_next/static/media/2a9e454742efc41c8de5d3889bf55d34.svg]
[huly.io/_next/static/media/4d5dd04473e9f2ebc5c49291c1f73681.svg]
[huly.io/_next/static/media/7338cddab3021d50f73a3d36c88df490.svg]
[huly.io/_next/static/media/c1edb00984cbfb46dd8eda516738f4f0.svg]
[huly.io/_next/static/rive.b8b719dae3c2060a.wasm]
[huly.io/_next/static/media/352118264d839bffe60735ff4aeed26f.svg]
[huly.io/_next/static/media/12b7898bd7ddbbbbcacf68c0f47c7c51.svg]
[huly.io/_next/tasks-notes.69743ddd7ca0.png]
[huly.io/_next/tasks-mobile.abb306cbf6bb.jpg]
[huly.io/_next/plan-work.26bcf442dbb9.jpg]
[huly.io/_next/plan-work-mobile.d9e8f583dac2.jpg]
[huly.io/_next/notes-mobile.2bf5fcba0102.jpg]
[huly.io/_next/teammates.c5a8e1bfb01b.jpg]
[huly.io/_next/teammates-mobile.8dc948bee938.jpg]
[huly.io/_next/calendar.74569b092848.png]
[huly.io/_next/collab.aa5fcd897f82.jpg]
[huly.io/_next/collab-mobile.a71371370b85.jpg]
[huly.io/_next/pm.57044e5b7533.jpg]
[huly.io/_next/pm-mobile.39d0b3771bb7.jpg]
[huly.io/_next/static/media/9d5c77b6877e0fb053b9e6a6c6e031fe.svg]
[huly.io/_next/static/media/4471f334ae899aaa11c9921e0d3e65bc.svg]
[huly.io/_next/static/media/97e21ae98ab58474a251361eee0aa8c0.svg]
[huly.io/_next/blue-pin-image.bb230dcd5de7.jpg]
[huly.io/_next/billboard.a71a6e72601f.jpg]
[huly.io/_next/orange-pin-image.5c9a9e65ba15.jpg]
[huly.io/_next/static/media/11129cb398cec0781980fa6071f63c4c.svg]
[huly.io/_next/static/media/3025df96db45e17e4ce4a52f5eb60533.svg]
[huly.io/_next/lines-bg.dffccec47033.png]
[huly.io/_next/static/media/fde311dabe5488a415db9fcd19cf3001.svg]
[huly.io/_next/static/media/68af230db56f9e75d64156987f7e1b09.svg]
[huly.io/_next/cta-illustration.8178f665b4aa.jpg]
[huly.io/_next/cta-illustration-mobile.621dcd29a5fe.jpg]
[huly.io/legal/privacy.html]
[huly.io/legal/terms.html]
[huly.io/index.html]
[huly.io/_next/static/media/d97ea0940c0302a26ddd7c1b56cf3346.svg]
[huly.io/_next/static/media/451c327bbe05656f879fee8b8cac7a62.svg]
[huly.io/_next/static/media/55c55f0601d81cf3-s.woff2]
[huly.io/_next/static/media/26a46d62cd723877-s.woff2]
[huly.io/_next/static/media/97e0cb1ae144a2a9-s.woff2]
[huly.io/_next/static/media/581909926a08bbc8-s.woff2]
[huly.io/_next/static/media/df0a9ae256c0569c-s.woff2]
[huly.io/_next/static/media/8e9860b6e62d6359-s.woff2]
[huly.io/_next/static/css/a041dcbcef8326ab.css]
[huly.io/_next/static/css/2cfc5f73f17d6511.css]
[huly.io/favicon/favicon.svg]
[huly.io/_next/static/media/605116e35e25f0117c2a73be2f4271aa.svg]
[huly.io/_next/static/css/52f44d6bad6353a0.css]
[huly.io/_next/static/chunks/4184-2cb8482d8afd07e6.js]
[huly.io/_next/static/chunks/5683-d01b460965d8a755.js]
[huly.io/_next/static/chunks/app/(website)/pricing/page-e9bb8276941c553e.js]
[huly.io/animations/pages/pricing/icons.riv]
[huly.io/_next/video-fade.8c7d3d5c5d29.png]
[huly.io/_next/static/media/a83ee981cdeb0c2c0bc39fbbdf2c8021.svg]
[huly.io/_next/static/media/816e1749e599f0c1910dca4cf2ba1874.svg]
[huly.io/_next/static/media/d4dded669f759215117627f39da233a5.svg]
[huly.io/pricing.html]
[huly.io/_next/static/media/3f5fe9b041516a394be6c647da1490f4.svg]
[huly.io/_next/static/media/a9e4747bda76748fc7fdd910aa2ed0e1.svg]
[huly.io/_next/static/media/27092cdd5f94c6ca1cbb419c2d3fc882.svg]
[huly.io/_next/static/media/dd5884a192d875e57571a1a449d66e6a.svg]
[huly.io/_next/static/media/c38fff878bfff5de53290840299693b0.svg]
[huly.io/_next/static/media/d977b7bdfc9ca8c556b55c9d9b7986bd.svg]
[huly.io/_next/static/media/d04c16ea5ccc75d440a000d72188fe6d.svg]
[huly.io/_next/static/chunks/1196-e5198a2a0c766530.js]
[huly.io/_next/static/chunks/app/(website)/download/page-39876a35987d47fa.js]
[huly.io/_next/huly-social-logo.bdd703a1bd39.png]
[huly.io/download.html]
[huly.io/_next/static/media/38e828248cfe4267bebec11dff576591.svg]
[huly.io/_next/static/media/93487f9e8d46edd000f02623354df5e1.svg]
[huly.io/_next/static/chunks/7373-f57f70c677475f38.js]
[huly.io/_next/static/chunks/app/(auth)/login/page-f1b17157ea1121b6.js]
[huly.io/_next/static/media/208fbf2b13b6b83dadeeca849a1dd600.svg]
[huly.io/_next/static/media/c489348abc0625195334ee5f67ac7de9.svg]
[huly.io/_next/static/media/3bc5be3742f9738f5cc92dd99ca8b0b0.svg]
[huly.io/_next/static/media/acc679e7dd004cb2d74880878f988fd1.svg]
[huly.io/_next/static/media/32e1c3b9e673e4ff754c5e08d689ba09.svg]
[huly.io/_next/static/media/b5542d544a6d8da936225cf15b50b17c.svg]
[huly.io/_next/static/media/2ee582ff1de332ce1b830df95b3f8bde.svg]
[huly.io/_next/form-pattern.270a39620de6.jpg]
[huly.io/login.html]
[huly.io/signup.html]
[huly.io/_next/static/media/0f9e183a12bee7af6da9f9a175c71d3a.svg]
[huly.io/_next/static/media/e4c3a7bd600393b1420b0ffef056534d.svg]
[huly.io/_next/static/media/6cad5c6f35277cc12565a6826b9940bf.svg]
[huly.io/_next/static/media/93e08622f4a0bbef839d81e681f8bba7.svg]
[huly.io/_next/static/media/0e5b98ef7d38250f3aee6888407436e3.svg]
[huly.io/_next/static/media/3ec2b3159fe89423fa1464d20ffea3b0.svg]
[huly.io/_next/static/media/2a9e454742efc41c8de5d3889bf55d34.svg]
[huly.io/_next/static/media/4d5dd04473e9f2ebc5c49291c1f73681.svg]
[huly.io/_next/static/media/7338cddab3021d50f73a3d36c88df490.svg]
[huly.io/_next/static/media/c1edb00984cbfb46dd8eda516738f4f0.svg]
[huly.io/_next/static/media/352118264d839bffe60735ff4aeed26f.svg]
[huly.io/_next/static/media/12b7898bd7ddbbbbcacf68c0f47c7c51.svg]
[huly.io/_next/static/media/9d5c77b6877e0fb053b9e6a6c6e031fe.svg]
[huly.io/_next/static/media/4471f334ae899aaa11c9921e0d3e65bc.svg]
[huly.io/_next/static/media/97e21ae98ab58474a251361eee0aa8c0.svg]
[huly.io/_next/static/media/11129cb398cec0781980fa6071f63c4c.svg]
[huly.io/_next/static/media/3025df96db45e17e4ce4a52f5eb60533.svg]
[huly.io/_next/static/media/fde311dabe5488a415db9fcd19cf3001.svg]
[huly.io/_next/static/media/68af230db56f9e75d64156987f7e1b09.svg]
[huly.io/_next/static/chunks/app/(auth)/signup/page-cb0a86bf5d316b8e.js]
[huly.io/_next/static/chunks/1438-244128a7f9224f10.js]
[huly.io/_next/static/chunks/407-af473f699522581a.js]
[huly.io/_next/static/chunks/app/(website)/legal/[slug]/page-6fbef7f8b5635103.js]
[huly.io/cdn-cgi/l/email-protection]
[huly.io/legal/terms.html]
[huly.io/legal/privacy.html]
[huly.io/_next/static/media/451c327bbe05656f879fee8b8cac7a62.svg]
[huly.io/_next/static/media/605116e35e25f0117c2a73be2f4271aa.svg]
[huly.io/_next/static/css/52f44d6bad6353a0.css]
[huly.io/_next/static/media/a83ee981cdeb0c2c0bc39fbbdf2c8021.svg]
[huly.io/_next/static/media/816e1749e599f0c1910dca4cf2ba1874.svg]
[huly.io/_next/static/media/d4dded669f759215117627f39da233a5.svg]
[huly.io/_next/static/media/d977b7bdfc9ca8c556b55c9d9b7986bd.svg]
[huly.io/_next/static/media/d04c16ea5ccc75d440a000d72188fe6d.svg]
[huly.io/_next/static/media/38e828248cfe4267bebec11dff576591.svg]
[huly.io/_next/static/media/93487f9e8d46edd000f02623354df5e1.svg]
[huly.io/_next/static/media/208fbf2b13b6b83dadeeca849a1dd600.svg]
[huly.io/_next/static/media/c489348abc0625195334ee5f67ac7de9.svg]
[huly.io/_next/static/media/3bc5be3742f9738f5cc92dd99ca8b0b0.svg]
[huly.io/_next/static/media/acc679e7dd004cb2d74880878f988fd1.svg]
[huly.io/_next/static/media/32e1c3b9e673e4ff754c5e08d689ba09.svg]
[huly.io/_next/static/media/b5542d544a6d8da936225cf15b50b17c.svg]
[huly.io/_next/static/media/2ee582ff1de332ce1b830df95b3f8bde.svg]
[huly.io/cdn-cgi/l/email-protection.html]
[huly.io/cdn-cgi/scripts/5c5dd728/cloudflare-static/email-decode.min.js]
